// Jest Snapshot v1, https://goo.gl/fbAQLP

exports[`ooth-guest can register 1`] = `
Object {
  "_id": "<obfuscated>",
}
`;

exports[`ooth-guest registers routes 1`] = `
Array [
  "register",
]
`;
